<html>
<body>
<pre>
<h1>µVision Build Log</h1>
<h2>Tool Versions:</h2>
IDE-Version: ¦ÌVision V5.14.0.0
Copyright (C) 2015 ARM Ltd and ARM Germany GmbH. All rights reserved.
License Information: Mount256 Mount256, Mount256, LIC=D0D7S-LT7YF-FWF2N-Y9Q93-PM13N-WN9AK
 
Tool Versions:
Toolchain:       MDK-ARM Standard  Version: 5.14.0.0
Toolchain Path:  D:\MDK5\ARM\ARMCC\Bin
C Compiler:      Armcc.exe V5.05 update 1 (build 106)
Assembler:       Armasm.exe V5.05 update 1 (build 106)
Linker/Locator:  ArmLink.exe V5.05 update 1 (build 106)
Library Manager: ArmAr.exe V5.05 update 1 (build 106)
Hex Converter:   FromElf.exe V5.05 update 1 (build 106)
CPU DLL:         SARMCM3.DLL V5.14.0.0
Dialog DLL:      DCM.DLL V1.13.1.0
Target DLL:      STLink\ST-LINKIII-KEIL_SWO.dll V2.0.14.0_KEIL
Dialog DLL:      TCM.DLL V1.14.4.0
 
<h2>Project:</h2>
E:\STM32CubeMX_Proj\STM32I2C_test\MDK-ARM\STM32I2C_test.uvprojx
Project File Date:  07/29/2025

<h2>Output:</h2>
Build target 'STM32I2C_test'
compiling main.c...
../Core/Src/main.c(101): warning:  #870-D: invalid multibyte character sequence
    printf("USART1å·²å‡†å¤‡å°±ç»?..\n\n");
../Core/Src/main.c(120): warning:  #181-D: argument is incompatible with corresponding format string conversion
          scanf("%d", &data);
../Core/Src/main.c: 2 warnings, 0 errors
linking...
Program Size: Code=13576 RO-data=444 RW-data=56 ZI-data=1184  
FromELF: creating hex file...
"STM32I2C_test\STM32I2C_test.axf" - 0 Error(s), 2 Warning(s).

<h2>Software Packages used:</h2>

Package Vendor: ARM
                http://www.keil.com/pack/ARM.CMSIS.4.2.0.pack
                ARM::CMSIS:CORE:3.40.0
                CMSIS (Cortex Microcontroller Software Interface Standard)
   * Component: CORE Version: 3.40.0

<h2>Collection of Component include folders:</h2>
  E:\STM32CubeMX_Proj\STM32I2C_test\MDK-ARM\RTE
  D:\MDK5\ARM\PACK\ARM\CMSIS\4.2.0\CMSIS\Include
  D:\MDK5\ARM\PACK\Keil\STM32F1xx_DFP\1.0.5\Device\Include

<h2>Collection of Component Files used:</h2>

   * Component: ARM::CMSIS:CORE:3.40.0
      Source file:   CMSIS\UserCodeTemplates\ARM\ITM_Retarget.c
</pre>
</body>
</html>
